// Jest Snapshot v1, https://goo.gl/fbAQLP

exports[`Header renders properly 1`] = `
ShallowWrapper {
  Symbol(enzyme.__root__): [Circular],
  Symbol(enzyme.__unrendered__): <Header />,
  Symbol(enzyme.__renderer__): Object {
    "batchedUpdates": [Function],
    "checkPropTypes": [Function],
    "getNode": [Function],
    "render": [Function],
    "simulateError": [Function],
    "simulateEvent": [Function],
    "unmount": [Function],
  },
  Symbol(enzyme.__node__): Object {
    "instance": null,
    "key": undefined,
    "nodeType": "class",
    "props": Object {
      "children": <section
        className="Header"
>
        <div
                className="Header__text-box"
        >
                <div
                        className="Header__text-box--primary"
                >
                        <h1>
                                Catherine Lin
                        </h1>
                </div>
                <div
                        className="Header__text-box--secondary"
                >
                        <p>
                                Frontend Web Developer
                        </p>
                </div>
                <hr />
                <div
                        className="Header__social-links"
                >
                        <a
                                href="mailto:catherine.lin.93@gmail.com"
                                rel="noopener noreferrer"
                                target="_blank"
                        >
                                <i
                                        aria-hidden="true"
                                        className="fa fa-envelope-o icon previous"
                                />
                        </a>
                        <a
                                href="https://linkedin.com/in/catherine-lin-81545896"
                                rel="noopener noreferrer"
                                target="_blank"
                        >
                                <i
                                        aria-hidden="true"
                                        className="fa fa-linkedin icon previous"
                                />
                        </a>
                        <a
                                href="https://github.com/c-clin"
                                rel="noopener noreferrer"
                                target="_blank"
                        >
                                <i
                                        aria-hidden="true"
                                        className="fa fa-github icon"
                                />
                        </a>
                </div>
        </div>
</section>,
      "name": "Header",
    },
    "ref": null,
    "rendered": Object {
      "instance": null,
      "key": undefined,
      "nodeType": "host",
      "props": Object {
        "children": <div
          className="Header__text-box"
>
          <div
                    className="Header__text-box--primary"
          >
                    <h1>
                              Catherine Lin
                    </h1>
          </div>
          <div
                    className="Header__text-box--secondary"
          >
                    <p>
                              Frontend Web Developer
                    </p>
          </div>
          <hr />
          <div
                    className="Header__social-links"
          >
                    <a
                              href="mailto:catherine.lin.93@gmail.com"
                              rel="noopener noreferrer"
                              target="_blank"
                    >
                              <i
                                        aria-hidden="true"
                                        className="fa fa-envelope-o icon previous"
                              />
                    </a>
                    <a
                              href="https://linkedin.com/in/catherine-lin-81545896"
                              rel="noopener noreferrer"
                              target="_blank"
                    >
                              <i
                                        aria-hidden="true"
                                        className="fa fa-linkedin icon previous"
                              />
                    </a>
                    <a
                              href="https://github.com/c-clin"
                              rel="noopener noreferrer"
                              target="_blank"
                    >
                              <i
                                        aria-hidden="true"
                                        className="fa fa-github icon"
                              />
                    </a>
          </div>
</div>,
        "className": "Header",
      },
      "ref": null,
      "rendered": Object {
        "instance": null,
        "key": undefined,
        "nodeType": "host",
        "props": Object {
          "children": Array [
            <div
              className="Header__text-box--primary"
>
              <h1>
                            Catherine Lin
              </h1>
</div>,
            <div
              className="Header__text-box--secondary"
>
              <p>
                            Frontend Web Developer
              </p>
</div>,
            <hr />,
            <div
              className="Header__social-links"
>
              <a
                            href="mailto:catherine.lin.93@gmail.com"
                            rel="noopener noreferrer"
                            target="_blank"
              >
                            <i
                                          aria-hidden="true"
                                          className="fa fa-envelope-o icon previous"
                            />
              </a>
              <a
                            href="https://linkedin.com/in/catherine-lin-81545896"
                            rel="noopener noreferrer"
                            target="_blank"
              >
                            <i
                                          aria-hidden="true"
                                          className="fa fa-linkedin icon previous"
                            />
              </a>
              <a
                            href="https://github.com/c-clin"
                            rel="noopener noreferrer"
                            target="_blank"
              >
                            <i
                                          aria-hidden="true"
                                          className="fa fa-github icon"
                            />
              </a>
</div>,
          ],
          "className": "Header__text-box",
        },
        "ref": null,
        "rendered": Array [
          Object {
            "instance": null,
            "key": undefined,
            "nodeType": "host",
            "props": Object {
              "children": <h1>
                Catherine Lin
</h1>,
              "className": "Header__text-box--primary",
            },
            "ref": null,
            "rendered": Object {
              "instance": null,
              "key": undefined,
              "nodeType": "host",
              "props": Object {
                "children": "Catherine Lin",
              },
              "ref": null,
              "rendered": "Catherine Lin",
              "type": "h1",
            },
            "type": "div",
          },
          Object {
            "instance": null,
            "key": undefined,
            "nodeType": "host",
            "props": Object {
              "children": <p>
                Frontend Web Developer
</p>,
              "className": "Header__text-box--secondary",
            },
            "ref": null,
            "rendered": Object {
              "instance": null,
              "key": undefined,
              "nodeType": "host",
              "props": Object {
                "children": "Frontend Web Developer",
              },
              "ref": null,
              "rendered": "Frontend Web Developer",
              "type": "p",
            },
            "type": "div",
          },
          Object {
            "instance": null,
            "key": undefined,
            "nodeType": "host",
            "props": Object {},
            "ref": null,
            "rendered": null,
            "type": "hr",
          },
          Object {
            "instance": null,
            "key": undefined,
            "nodeType": "host",
            "props": Object {
              "children": Array [
                <a
                  href="mailto:catherine.lin.93@gmail.com"
                  rel="noopener noreferrer"
                  target="_blank"
>
                  <i
                                    aria-hidden="true"
                                    className="fa fa-envelope-o icon previous"
                  />
</a>,
                <a
                  href="https://linkedin.com/in/catherine-lin-81545896"
                  rel="noopener noreferrer"
                  target="_blank"
>
                  <i
                                    aria-hidden="true"
                                    className="fa fa-linkedin icon previous"
                  />
</a>,
                <a
                  href="https://github.com/c-clin"
                  rel="noopener noreferrer"
                  target="_blank"
>
                  <i
                                    aria-hidden="true"
                                    className="fa fa-github icon"
                  />
</a>,
              ],
              "className": "Header__social-links",
            },
            "ref": null,
            "rendered": Array [
              Object {
                "instance": null,
                "key": undefined,
                "nodeType": "host",
                "props": Object {
                  "children": <i
                    aria-hidden="true"
                    className="fa fa-envelope-o icon previous"
/>,
                  "href": "mailto:catherine.lin.93@gmail.com",
                  "rel": "noopener noreferrer",
                  "target": "_blank",
                },
                "ref": null,
                "rendered": Object {
                  "instance": null,
                  "key": undefined,
                  "nodeType": "host",
                  "props": Object {
                    "aria-hidden": "true",
                    "className": "fa fa-envelope-o icon previous",
                  },
                  "ref": null,
                  "rendered": null,
                  "type": "i",
                },
                "type": "a",
              },
              Object {
                "instance": null,
                "key": undefined,
                "nodeType": "host",
                "props": Object {
                  "children": <i
                    aria-hidden="true"
                    className="fa fa-linkedin icon previous"
/>,
                  "href": "https://linkedin.com/in/catherine-lin-81545896",
                  "rel": "noopener noreferrer",
                  "target": "_blank",
                },
                "ref": null,
                "rendered": Object {
                  "instance": null,
                  "key": undefined,
                  "nodeType": "host",
                  "props": Object {
                    "aria-hidden": "true",
                    "className": "fa fa-linkedin icon previous",
                  },
                  "ref": null,
                  "rendered": null,
                  "type": "i",
                },
                "type": "a",
              },
              Object {
                "instance": null,
                "key": undefined,
                "nodeType": "host",
                "props": Object {
                  "children": <i
                    aria-hidden="true"
                    className="fa fa-github icon"
/>,
                  "href": "https://github.com/c-clin",
                  "rel": "noopener noreferrer",
                  "target": "_blank",
                },
                "ref": null,
                "rendered": Object {
                  "instance": null,
                  "key": undefined,
                  "nodeType": "host",
                  "props": Object {
                    "aria-hidden": "true",
                    "className": "fa fa-github icon",
                  },
                  "ref": null,
                  "rendered": null,
                  "type": "i",
                },
                "type": "a",
              },
            ],
            "type": "div",
          },
        ],
        "type": "div",
      },
      "type": "section",
    },
    "type": [Function],
  },
  Symbol(enzyme.__nodes__): Array [
    Object {
      "instance": null,
      "key": undefined,
      "nodeType": "class",
      "props": Object {
        "children": <section
          className="Header"
>
          <div
                    className="Header__text-box"
          >
                    <div
                              className="Header__text-box--primary"
                    >
                              <h1>
                                        Catherine Lin
                              </h1>
                    </div>
                    <div
                              className="Header__text-box--secondary"
                    >
                              <p>
                                        Frontend Web Developer
                              </p>
                    </div>
                    <hr />
                    <div
                              className="Header__social-links"
                    >
                              <a
                                        href="mailto:catherine.lin.93@gmail.com"
                                        rel="noopener noreferrer"
                                        target="_blank"
                              >
                                        <i
                                                  aria-hidden="true"
                                                  className="fa fa-envelope-o icon previous"
                                        />
                              </a>
                              <a
                                        href="https://linkedin.com/in/catherine-lin-81545896"
                                        rel="noopener noreferrer"
                                        target="_blank"
                              >
                                        <i
                                                  aria-hidden="true"
                                                  className="fa fa-linkedin icon previous"
                                        />
                              </a>
                              <a
                                        href="https://github.com/c-clin"
                                        rel="noopener noreferrer"
                                        target="_blank"
                              >
                                        <i
                                                  aria-hidden="true"
                                                  className="fa fa-github icon"
                                        />
                              </a>
                    </div>
          </div>
</section>,
        "name": "Header",
      },
      "ref": null,
      "rendered": Object {
        "instance": null,
        "key": undefined,
        "nodeType": "host",
        "props": Object {
          "children": <div
            className="Header__text-box"
>
            <div
                        className="Header__text-box--primary"
            >
                        <h1>
                                    Catherine Lin
                        </h1>
            </div>
            <div
                        className="Header__text-box--secondary"
            >
                        <p>
                                    Frontend Web Developer
                        </p>
            </div>
            <hr />
            <div
                        className="Header__social-links"
            >
                        <a
                                    href="mailto:catherine.lin.93@gmail.com"
                                    rel="noopener noreferrer"
                                    target="_blank"
                        >
                                    <i
                                                aria-hidden="true"
                                                className="fa fa-envelope-o icon previous"
                                    />
                        </a>
                        <a
                                    href="https://linkedin.com/in/catherine-lin-81545896"
                                    rel="noopener noreferrer"
                                    target="_blank"
                        >
                                    <i
                                                aria-hidden="true"
                                                className="fa fa-linkedin icon previous"
                                    />
                        </a>
                        <a
                                    href="https://github.com/c-clin"
                                    rel="noopener noreferrer"
                                    target="_blank"
                        >
                                    <i
                                                aria-hidden="true"
                                                className="fa fa-github icon"
                                    />
                        </a>
            </div>
</div>,
          "className": "Header",
        },
        "ref": null,
        "rendered": Object {
          "instance": null,
          "key": undefined,
          "nodeType": "host",
          "props": Object {
            "children": Array [
              <div
                className="Header__text-box--primary"
>
                <h1>
                                Catherine Lin
                </h1>
</div>,
              <div
                className="Header__text-box--secondary"
>
                <p>
                                Frontend Web Developer
                </p>
</div>,
              <hr />,
              <div
                className="Header__social-links"
>
                <a
                                href="mailto:catherine.lin.93@gmail.com"
                                rel="noopener noreferrer"
                                target="_blank"
                >
                                <i
                                                aria-hidden="true"
                                                className="fa fa-envelope-o icon previous"
                                />
                </a>
                <a
                                href="https://linkedin.com/in/catherine-lin-81545896"
                                rel="noopener noreferrer"
                                target="_blank"
                >
                                <i
                                                aria-hidden="true"
                                                className="fa fa-linkedin icon previous"
                                />
                </a>
                <a
                                href="https://github.com/c-clin"
                                rel="noopener noreferrer"
                                target="_blank"
                >
                                <i
                                                aria-hidden="true"
                                                className="fa fa-github icon"
                                />
                </a>
</div>,
            ],
            "className": "Header__text-box",
          },
          "ref": null,
          "rendered": Array [
            Object {
              "instance": null,
              "key": undefined,
              "nodeType": "host",
              "props": Object {
                "children": <h1>
                  Catherine Lin
</h1>,
                "className": "Header__text-box--primary",
              },
              "ref": null,
              "rendered": Object {
                "instance": null,
                "key": undefined,
                "nodeType": "host",
                "props": Object {
                  "children": "Catherine Lin",
                },
                "ref": null,
                "rendered": "Catherine Lin",
                "type": "h1",
              },
              "type": "div",
            },
            Object {
              "instance": null,
              "key": undefined,
              "nodeType": "host",
              "props": Object {
                "children": <p>
                  Frontend Web Developer
</p>,
                "className": "Header__text-box--secondary",
              },
              "ref": null,
              "rendered": Object {
                "instance": null,
                "key": undefined,
                "nodeType": "host",
                "props": Object {
                  "children": "Frontend Web Developer",
                },
                "ref": null,
                "rendered": "Frontend Web Developer",
                "type": "p",
              },
              "type": "div",
            },
            Object {
              "instance": null,
              "key": undefined,
              "nodeType": "host",
              "props": Object {},
              "ref": null,
              "rendered": null,
              "type": "hr",
            },
            Object {
              "instance": null,
              "key": undefined,
              "nodeType": "host",
              "props": Object {
                "children": Array [
                  <a
                    href="mailto:catherine.lin.93@gmail.com"
                    rel="noopener noreferrer"
                    target="_blank"
>
                    <i
                                        aria-hidden="true"
                                        className="fa fa-envelope-o icon previous"
                    />
</a>,
                  <a
                    href="https://linkedin.com/in/catherine-lin-81545896"
                    rel="noopener noreferrer"
                    target="_blank"
>
                    <i
                                        aria-hidden="true"
                                        className="fa fa-linkedin icon previous"
                    />
</a>,
                  <a
                    href="https://github.com/c-clin"
                    rel="noopener noreferrer"
                    target="_blank"
>
                    <i
                                        aria-hidden="true"
                                        className="fa fa-github icon"
                    />
</a>,
                ],
                "className": "Header__social-links",
              },
              "ref": null,
              "rendered": Array [
                Object {
                  "instance": null,
                  "key": undefined,
                  "nodeType": "host",
                  "props": Object {
                    "children": <i
                      aria-hidden="true"
                      className="fa fa-envelope-o icon previous"
/>,
                    "href": "mailto:catherine.lin.93@gmail.com",
                    "rel": "noopener noreferrer",
                    "target": "_blank",
                  },
                  "ref": null,
                  "rendered": Object {
                    "instance": null,
                    "key": undefined,
                    "nodeType": "host",
                    "props": Object {
                      "aria-hidden": "true",
                      "className": "fa fa-envelope-o icon previous",
                    },
                    "ref": null,
                    "rendered": null,
                    "type": "i",
                  },
                  "type": "a",
                },
                Object {
                  "instance": null,
                  "key": undefined,
                  "nodeType": "host",
                  "props": Object {
                    "children": <i
                      aria-hidden="true"
                      className="fa fa-linkedin icon previous"
/>,
                    "href": "https://linkedin.com/in/catherine-lin-81545896",
                    "rel": "noopener noreferrer",
                    "target": "_blank",
                  },
                  "ref": null,
                  "rendered": Object {
                    "instance": null,
                    "key": undefined,
                    "nodeType": "host",
                    "props": Object {
                      "aria-hidden": "true",
                      "className": "fa fa-linkedin icon previous",
                    },
                    "ref": null,
                    "rendered": null,
                    "type": "i",
                  },
                  "type": "a",
                },
                Object {
                  "instance": null,
                  "key": undefined,
                  "nodeType": "host",
                  "props": Object {
                    "children": <i
                      aria-hidden="true"
                      className="fa fa-github icon"
/>,
                    "href": "https://github.com/c-clin",
                    "rel": "noopener noreferrer",
                    "target": "_blank",
                  },
                  "ref": null,
                  "rendered": Object {
                    "instance": null,
                    "key": undefined,
                    "nodeType": "host",
                    "props": Object {
                      "aria-hidden": "true",
                      "className": "fa fa-github icon",
                    },
                    "ref": null,
                    "rendered": null,
                    "type": "i",
                  },
                  "type": "a",
                },
              ],
              "type": "div",
            },
          ],
          "type": "div",
        },
        "type": "section",
      },
      "type": [Function],
    },
  ],
  Symbol(enzyme.__options__): Object {
    "adapter": ReactSixteenAdapter {
      "options": Object {
        "enableComponentDidUpdateOnSetState": true,
        "legacyContextMode": "parent",
        "lifecycles": Object {
          "componentDidUpdate": Object {
            "onSetState": true,
          },
          "getChildContext": Object {
            "calledByRenderer": false,
          },
          "getDerivedStateFromProps": true,
          "getSnapshotBeforeUpdate": true,
          "setState": Object {
            "skipsComponentDidUpdateOnNullish": true,
          },
        },
      },
    },
    "disableLifecycleMethods": true,
  },
}
`;
